C51 COMPILER V9.60.0.0   PWM_MOD9                                                          07/06/2022 19:27:28 PAGE 1   


C51 COMPILER V9.60.0.0, COMPILATION OF MODULE PWM_MOD9
OBJECT MODULE PLACED IN .\Objects\PWM_mod9.obj
COMPILER INVOKED BY: D:\software\Keil_v5\C51\BIN\C51.EXE PWM_mod9.c OPTIMIZE(8,SPEED) BROWSE DEBUG OBJECTEXTEND PRINT(.\
                    -Listings\PWM_mod9.lst) TABS(2) OBJECT(.\Objects\PWM_mod9.obj)

line level    source

   1          #include<reg52.h>
   2          
   3          sbit R_LED=P1^0;                //红灯引脚，高电平时点亮LED
   4          sbit G_LED=P1^1;               //绿灯引脚，高电平时点亮LED
   5          sbit B_LED=P1^2;                //蓝灯引脚，高电平时点亮LED
   6          
   7          sfr P1M0      = 0x91;
   8          sfr P1M1      = 0x92;
   9          
  10          unsigned char R_OUT=0,G_OUT=0,B_OUT=0; //定义占空比计数变量
  11          unsigned int MAX=200,MIN=1;           //定义变色起始级数，范围最大可以0-255
  12          unsigned char T0RH=0,T0RL=0;         //定时器中间变量
  13          bit time_flag0=0;       //每10ms刷新一次占空比
  14          bit time_flag1=0;       //每2ms输出PWM
  15          
  16          void LedInit(void);
  17          void configtime0(unsigned int ms);   //定时器0配置
  18          void ConfigPWM(unsigned char t);     //PWM占空比处理函数
  19          void POUT();                            //PWM输出函数
  20          
  21          void LedInit(void)
  22          {
  23   1              P1M0 = 0x48;
  24   1        P1M1 = 0x4F;
  25   1      }
  26          
  27          main()
  28          {        
  29   1              LedInit();
  30   1              EA=1;
  31   1              configtime0(1);
  32   1              while(1)
  33   1              {
  34   2                      if(time_flag0 == 1)
  35   2                      {
  36   3                              time_flag0 = 0;
  37   3                              ConfigPWM(1);
  38   3                      }
  39   2                      if(time_flag1 == 1)
  40   2                      {
  41   3                              time_flag1 = 0;
  42   3                              POUT();
  43   3                      }
  44   2      
  45   2              }
  46   1      }
  47          
  48          //每调用一次此涵数，PWM占空比加一
  49          void ConfigPWM(unsigned char t)  //PWM占空比处理函数
  50          {
  51   1              static unsigned char dir=0;    //定义变亮或变暗方向
  52   1              static unsigned char index=0;  //定义变色索引
  53   1              static unsigned int time=0;    //中间变量
  54   1      
C51 COMPILER V9.60.0.0   PWM_MOD9                                                          07/06/2022 19:27:28 PAGE 2   

  55   1              switch(index)
  56   1              {
  57   2          case 0: 
  58   2                              if(dir==0)      //红色由暗变亮
  59   2                              {
  60   3                                      time+=t;
  61   3                                      R_OUT=time;
  62   3              G_OUT=0;
  63   3                                      B_OUT=0;
  64   3                                      if(time>=MAX)
  65   3                                      {
  66   4                                              dir=1;
  67   4                                      }
  68   3                              }
  69   2                              else         //红色由亮变暗
  70   2                              {
  71   3                                      time-=t;
  72   3                                      R_OUT=time;
  73   3              G_OUT=0;
  74   3                                      B_OUT=0;
  75   3                                      if(time<=MIN)
  76   3                                      {
  77   4                                              dir=0;
  78   4                                              time=0;
  79   4                                              index=1;
  80   4                                      }
  81   3                              }
  82   2                              break;
  83   2                                             
  84   2                      case 1:            
  85   2                              if(dir==0)                //橙色由暗变亮
  86   2                              {
  87   3                                      time+=t;
  88   3                                      R_OUT=time;
  89   3              G_OUT=time/2;
  90   3                                      B_OUT=0;
  91   3                                      if(time>=MAX)
  92   3                                      {
  93   4                                              dir=1;
  94   4                                      }
  95   3                              }
  96   2                              else                        //橙色由亮变暗
  97   2                              {
  98   3                                      time-=t;
  99   3                                      R_OUT=time;
 100   3              G_OUT=time/2;
 101   3                                      B_OUT=0;
 102   3                                      if(time<=MIN)
 103   3                                      {
 104   4                                              dir=0;
 105   4                                              time=0;
 106   4                                              index=2;
 107   4                                      }
 108   3                              }
 109   2                              break;
 110   2                                             
 111   2                      case 2:            
 112   2                              if(dir==0)                //黄色由暗变亮
 113   2                              {
 114   3                                      time+=t;
 115   3                                      R_OUT=time;
 116   3                                      G_OUT=time;
C51 COMPILER V9.60.0.0   PWM_MOD9                                                          07/06/2022 19:27:28 PAGE 3   

 117   3                                      B_OUT=0;
 118   3                                      if(time>=MAX)
 119   3                                      {
 120   4                                              dir=1;
 121   4                                      }
 122   3                              }
 123   2                              else                        //黄色由亮变暗
 124   2                              {
 125   3                                      time-=t;
 126   3                                      R_OUT=time;
 127   3                                      G_OUT=time;
 128   3                                      B_OUT=0;
 129   3                                      if(time<=MIN)
 130   3                                      {
 131   4                                              dir=0;
 132   4                                              time=0;
 133   4                                              index=3;
 134   4                                      }
 135   3                              }
 136   2                              break;
 137   2                                             
 138   2                      case 3:            
 139   2                              if(dir==0)                //绿色由暗变亮
 140   2                              {
 141   3                                      time+=t;
 142   3                                      R_OUT=0;
 143   3                                      G_OUT=time;
 144   3                                      B_OUT=0;
 145   3                                      if(time>=MAX)
 146   3                                      {
 147   4                                              dir=1;
 148   4                                      }
 149   3                              }
 150   2                              else                        //绿色由亮变暗
 151   2                              {
 152   3                                      time-=t;
 153   3                                      R_OUT=0;
 154   3                                      G_OUT=time;
 155   3                                      B_OUT=0;
 156   3                                      if(time<=MIN)
 157   3                                      {
 158   4                                              dir=0;
 159   4                                              time=0;
 160   4                                              index=4;
 161   4                                      }
 162   3                              }
 163   2                              break;
 164   2                                             
 165   2                      case 4:           
 166   2                              if(dir==0)                //青色由暗变亮
 167   2                              {
 168   3                                      time+=t;
 169   3                                      R_OUT=0;
 170   3                                      G_OUT=time;
 171   3                                      B_OUT=time;
 172   3                                      if(time>=MAX)
 173   3                                      {
 174   4                                              dir=1;
 175   4                                      }
 176   3                              }
 177   2                              else                        //青色由亮变暗
 178   2                              {
C51 COMPILER V9.60.0.0   PWM_MOD9                                                          07/06/2022 19:27:28 PAGE 4   

 179   3                                      time-=t;
 180   3                                      R_OUT=0;
 181   3                                      G_OUT=time;
 182   3                                      B_OUT=time;
 183   3                                      if(time<=MIN)
 184   3                                      {
 185   4                                              dir=0;
 186   4                                              time=0;
 187   4                                              index=5;
 188   4                                      }
 189   3                              }
 190   2                              break;
 191   2                                             
 192   2                      case 5:            
 193   2                              if(dir==0)                //蓝色由暗变亮
 194   2                              {
 195   3                                      time+=t;
 196   3                                      R_OUT=0;
 197   3                                      G_OUT=0;
 198   3                                      B_OUT=time;
 199   3                                      if(time>=MAX)
 200   3                                      {
 201   4                                              dir=1;
 202   4                                      }
 203   3                              }
 204   2                              else                        //蓝色由亮变暗
 205   2                              {
 206   3                                      time-=t;
 207   3                                      R_OUT=0;
 208   3                                      G_OUT=0;
 209   3                                      B_OUT=time;
 210   3                                      if(time<=MIN)
 211   3                                      {
 212   4                                              dir=0;
 213   4                                              time=0;
 214   4                                              index=6;
 215   4                                      }
 216   3                              }
 217   2                              break;
 218   2                                             
 219   2                      case 6:            
 220   2                              if(dir==0)                //紫色由暗变亮
 221   2                              {
 222   3                                      time+=t;
 223   3                                      R_OUT=time;
 224   3                                      G_OUT=0;
 225   3                                      B_OUT=time;
 226   3                                      if(time>=MAX)
 227   3                                      {
 228   4                                              dir=1;
 229   4                                      }
 230   3                              }
 231   2                              else                        //紫色由亮变暗
 232   2                              {
 233   3                                      time-=t;
 234   3                                      R_OUT=time;
 235   3                                      G_OUT=0;
 236   3                                      B_OUT=time;
 237   3                                      if(time<=MIN)
 238   3                                      {
 239   4                                              dir=0;
 240   4                                              time=0;
C51 COMPILER V9.60.0.0   PWM_MOD9                                                          07/06/2022 19:27:28 PAGE 5   

 241   4                                              index=7;
 242   4                                      }
 243   3                              }
 244   2                              break;
 245   2                                             
 246   2                      case 7:            
 247   2                              if(dir==0)                //白色由暗变亮
 248   2                              {
 249   3                                      time+=t;
 250   3                                      G_OUT=time;
 251   3                                      B_OUT=time;
 252   3                                      R_OUT=time;
 253   3                                      if(time>=MAX)
 254   3                                      {
 255   4                                              dir=1;
 256   4                                      }
 257   3                              }
 258   2                              else                        //白色由亮变暗
 259   2                              {
 260   3                                      time-=t;
 261   3                                      G_OUT=time;
 262   3                                      B_OUT=time;
 263   3                                      R_OUT=time;
 264   3                                      if(time<=MIN)
 265   3                                      {
 266   4                                              dir=0;
 267   4                                              time=0;
 268   4                                              index=0;
 269   4                                      }
 270   3                              }
 271   2                              break;
 272   2                       
 273   2              }
 274   1      }
 275          
 276          //输出占空比
 277          void POUT() 
 278          {
 279   1          unsigned char cnt;
 280   1              
 281   1          for(cnt=0;cnt<MAX;cnt++)
 282   1          {
 283   2              if(cnt<R_OUT)
 284   2                      R_LED=1;        //红色占空比大于计数值时红灯亮
 285   2              else
 286   2                      R_LED=0;        //否则就关闭红色
 287   2                     
 288   2              if(cnt<G_OUT)               
 289   2                      G_LED=1;                //绿色占空比大于计数值时绿灯亮
 290   2              else
 291   2                      G_LED=0;                //否则就关闭绿色
 292   2                     
 293   2              if(cnt<B_OUT)
 294   2                      B_LED=1;                //蓝色占空比大于计数值时蓝灯亮
 295   2              else
 296   2                      B_LED=0;                //否则就关闭蓝色
 297   2          }
 298   1      }
 299          
 300          //定时器0配置
 301          void configtime0(unsigned int ms)
 302          {
C51 COMPILER V9.60.0.0   PWM_MOD9                                                          07/06/2022 19:27:28 PAGE 6   

 303   1              unsigned long tmp;
 304   1              tmp=11059200/12;  // 频率
 305   1              tmp=tmp*ms/1000;  //需要多少个机器周期
 306   1              tmp=65536-tmp;
 307   1              T0RH=(unsigned char)(tmp>>8);
 308   1              T0RL=(unsigned char)tmp;
 309   1              TH0=T0RH;
 310   1              TL0=T0RL;
 311   1              TMOD&=0xf0;
 312   1              TMOD|=0x01;
 313   1              TR0=1;
 314   1              ET0=1;
 315   1      }
 316          
 317          //定时器0中断涵数
 318          void timer0() interrupt 1   //1ms中断
 319          {
 320   1              static unsigned int tmr0;
 321   1              static unsigned int tmr1;
 322   1              TH0=T0RH;
 323   1              TL0=T0RL;
 324   1              tmr0++;
 325   1              tmr1++;
 326   1      
 327   1              if(tmr0>=10)  //每10ms刷新一次占空比
 328   1              {
 329   2                      tmr0=0;
 330   2                      time_flag0=1;
 331   2              }
 332   1              if(tmr1>=2)  //2ms输出PWM
 333   1              {
 334   2                      tmr1=0;
 335   2                      time_flag1=1;
 336   2              }
 337   1      }
 338          


MODULE INFORMATION:   STATIC OVERLAYABLE
   CODE SIZE        =    996    ----
   CONSTANT SIZE    =   ----    ----
   XDATA SIZE       =   ----    ----
   PDATA SIZE       =   ----    ----
   DATA SIZE        =     17       4
   IDATA SIZE       =   ----    ----
   BIT SIZE         =      2    ----
END OF MODULE INFORMATION.


C51 COMPILATION COMPLETE.  0 WARNING(S),  0 ERROR(S)
